"Description","value"
0,9
0,34.2
0,32.3333333333333
0,34
0,29
0,32.2
0,24.25
0,26
0,24
0,36.2
0,38.2
0,33.2
0,27
0,32.5
0,33
0,29
0,30.875
0,19
0,34
0,33.25
0,41.3333333333333
0,4
0,31.5
0,10
0,34
0,19
0,28
0,26
0,16.5
0,31.6
0,38
0,35.5
0,28
0,32.5
0,37.25
0,31
0,35.5
0,23.5
0,16.5
0,25
0,29.5
0,26
0,16.5
0,33.5
0,20.8571428571429
1,71.5
1,15.3333333333333
1,81.5
1,81
1,81
1,42
1,85
1,75
1,30.625
